2025-01-21T01:55:29.0001637Z ##[debug]Starting: build
2025-01-21T01:55:29.0022238Z ##[debug]Cleaning runner temp folder: /home/runner/work/_temp
2025-01-21T01:55:29.0120988Z ##[debug]Starting: Set up job
2025-01-21T01:55:29.0122074Z Current runner version: '2.321.0'
2025-01-21T01:55:29.0144068Z ##[group]Operating System
2025-01-21T01:55:29.0144790Z Ubuntu
2025-01-21T01:55:29.0145310Z 24.04.1
2025-01-21T01:55:29.0145842Z LTS
2025-01-21T01:55:29.0146318Z ##[endgroup]
2025-01-21T01:55:29.0147013Z ##[group]Runner Image
2025-01-21T01:55:29.0147647Z Image: ubuntu-24.04
2025-01-21T01:55:29.0148162Z Version: 20250105.1.0
2025-01-21T01:55:29.0149177Z Included Software: https://github.com/actions/runner-images/blob/ubuntu24/20250105.1/images/ubuntu/Ubuntu2404-Readme.md
2025-01-21T01:55:29.0150572Z Image Release: https://github.com/actions/runner-images/releases/tag/ubuntu24%2F20250105.1
2025-01-21T01:55:29.0151443Z ##[endgroup]
2025-01-21T01:55:29.0151955Z ##[group]Runner Image Provisioner
2025-01-21T01:55:29.0152606Z 2.0.417.1
2025-01-21T01:55:29.0153249Z ##[endgroup]
2025-01-21T01:55:29.0154360Z ##[group]GITHUB_TOKEN Permissions
2025-01-21T01:55:29.0156810Z Contents: read
2025-01-21T01:55:29.0157448Z Metadata: read
2025-01-21T01:55:29.0157967Z Pages: write
2025-01-21T01:55:29.0158473Z ##[endgroup]
2025-01-21T01:55:29.0161525Z Secret source: Actions
2025-01-21T01:55:29.0162691Z ##[debug]Primary repository: Evan-Alexander-Adamson/Scroggs-Fencing
2025-01-21T01:55:29.0163513Z Prepare workflow directory
2025-01-21T01:55:29.0228005Z ##[debug]Creating pipeline directory: '/home/runner/work/Scroggs-Fencing'
2025-01-21T01:55:29.0231486Z ##[debug]Creating workspace directory: '/home/runner/work/Scroggs-Fencing/Scroggs-Fencing'
2025-01-21T01:55:29.0233248Z ##[debug]Update context data
2025-01-21T01:55:29.0236959Z ##[debug]Evaluating job-level environment variables
2025-01-21T01:55:29.0454292Z ##[debug]Evaluating job container
2025-01-21T01:55:29.0458110Z ##[debug]Evaluating job service containers
2025-01-21T01:55:29.0460627Z ##[debug]Evaluating job defaults
2025-01-21T01:55:29.0484808Z Prepare all required actions
2025-01-21T01:55:29.0521915Z Getting action download info
2025-01-21T01:55:29.2672146Z Download action repository 'actions/checkout@v4' (SHA:11bd71901bbe5b1630ceea73d27597364c9af683)
2025-01-21T01:55:29.2696107Z ##[debug]Copied action archive '/opt/actionarchivecache/actions_checkout/11bd71901bbe5b1630ceea73d27597364c9af683.tar.gz' to '/home/runner/work/_actions/_temp_f9857625-98f8-48fc-8fe1-fdec393f05bf/463b91f7-58cb-46ed-ab7e-ec6742859d7e.tar.gz'
2025-01-21T01:55:29.3299686Z ##[debug]Unwrap 'actions-checkout-11bd719' to '/home/runner/work/_actions/actions/checkout/v4'
2025-01-21T01:55:29.3431950Z ##[debug]Archive '/home/runner/work/_actions/_temp_f9857625-98f8-48fc-8fe1-fdec393f05bf/463b91f7-58cb-46ed-ab7e-ec6742859d7e.tar.gz' has been unzipped into '/home/runner/work/_actions/actions/checkout/v4'.
2025-01-21T01:55:29.3543253Z Download action repository 'actions/setup-node@v4' (SHA:39370e3970a6d050c480ffad4ff0ed4d3fdee5af)
2025-01-21T01:55:29.3602532Z ##[debug]Copied action archive '/opt/actionarchivecache/actions_setup-node/39370e3970a6d050c480ffad4ff0ed4d3fdee5af.tar.gz' to '/home/runner/work/_actions/_temp_75cfe717-c98a-451e-b412-2f5f717e1c64/5cce73a6-121b-4b48-bf56-95da37dccae1.tar.gz'
2025-01-21T01:55:29.4174733Z ##[debug]Unwrap 'actions-setup-node-39370e3' to '/home/runner/work/_actions/actions/setup-node/v4'
2025-01-21T01:55:29.4515698Z ##[debug]Archive '/home/runner/work/_actions/_temp_75cfe717-c98a-451e-b412-2f5f717e1c64/5cce73a6-121b-4b48-bf56-95da37dccae1.tar.gz' has been unzipped into '/home/runner/work/_actions/actions/setup-node/v4'.
2025-01-21T01:55:29.4570014Z Download action repository 'actions/configure-pages@v4' (SHA:1f0c5cde4bc74cd7e1254d0cb4de8d49e9068c7d)
2025-01-21T01:55:29.8252921Z ##[debug]Download 'https://api.github.com/repos/actions/configure-pages/tarball/1f0c5cde4bc74cd7e1254d0cb4de8d49e9068c7d' to '/home/runner/work/_actions/_temp_0d304b60-7c29-4027-b5c4-67926174498d/0179631c-1903-42ff-b784-b06e434d9b81.tar.gz'
2025-01-21T01:55:29.8504520Z ##[debug]Unwrap 'actions-configure-pages-1f0c5cd' to '/home/runner/work/_actions/actions/configure-pages/v4'
2025-01-21T01:55:29.8611038Z ##[debug]Archive '/home/runner/work/_actions/_temp_0d304b60-7c29-4027-b5c4-67926174498d/0179631c-1903-42ff-b784-b06e434d9b81.tar.gz' has been unzipped into '/home/runner/work/_actions/actions/configure-pages/v4'.
2025-01-21T01:55:29.8636905Z Download action repository 'actions/upload-pages-artifact@v3' (SHA:56afc609e74202658d3ffba0e8f6dda462b719fa)
2025-01-21T01:55:30.0655778Z ##[debug]Download 'https://api.github.com/repos/actions/upload-pages-artifact/tarball/56afc609e74202658d3ffba0e8f6dda462b719fa' to '/home/runner/work/_actions/_temp_df30b9f9-bc5e-40ea-bbf2-a23da7a5948b/d8325c7b-bcad-4d6f-a46b-a5c4d1f136ae.tar.gz'
2025-01-21T01:55:30.0760864Z ##[debug]Unwrap 'actions-upload-pages-artifact-56afc60' to '/home/runner/work/_actions/actions/upload-pages-artifact/v3'
2025-01-21T01:55:30.0777172Z ##[debug]Archive '/home/runner/work/_actions/_temp_df30b9f9-bc5e-40ea-bbf2-a23da7a5948b/d8325c7b-bcad-4d6f-a46b-a5c4d1f136ae.tar.gz' has been unzipped into '/home/runner/work/_actions/actions/upload-pages-artifact/v3'.
2025-01-21T01:55:30.0799483Z ##[debug]action.yml for action: '/home/runner/work/_actions/actions/checkout/v4/action.yml'.
2025-01-21T01:55:30.1345048Z ##[debug]action.yml for action: '/home/runner/work/_actions/actions/setup-node/v4/action.yml'.
2025-01-21T01:55:30.1399099Z ##[debug]action.yml for action: '/home/runner/work/_actions/actions/configure-pages/v4/action.yml'.
2025-01-21T01:55:30.1434502Z ##[debug]action.yml for action: '/home/runner/work/_actions/actions/upload-pages-artifact/v3/action.yml'.
2025-01-21T01:55:30.1549854Z Getting action download info
2025-01-21T01:55:30.2515705Z Download action repository 'actions/upload-artifact@v4' (SHA:65c4c4a1ddee5b72f698fdd19549f0f0fb45cf08)
2025-01-21T01:55:30.5294908Z ##[debug]Download 'https://api.github.com/repos/actions/upload-artifact/tarball/65c4c4a1ddee5b72f698fdd19549f0f0fb45cf08' to '/home/runner/work/_actions/_temp_b19cf310-0689-4a43-80ff-67ebbf44d184/f2a4a0a6-92b2-4ea8-85ec-567b349ebf77.tar.gz'
2025-01-21T01:55:30.5999999Z ##[debug]Unwrap 'actions-upload-artifact-65c4c4a' to '/home/runner/work/_actions/actions/upload-artifact/v4'
2025-01-21T01:55:30.6347977Z ##[debug]Archive '/home/runner/work/_actions/_temp_b19cf310-0689-4a43-80ff-67ebbf44d184/f2a4a0a6-92b2-4ea8-85ec-567b349ebf77.tar.gz' has been unzipped into '/home/runner/work/_actions/actions/upload-artifact/v4'.
2025-01-21T01:55:30.6417186Z ##[debug]action.yml for action: '/home/runner/work/_actions/actions/upload-artifact/v4/action.yml'.
2025-01-21T01:55:30.6618459Z ##[debug]Set step '__actions_checkout' display name to: 'Checkout'
2025-01-21T01:55:30.6621557Z ##[debug]Set step '__actions_setup-node' display name to: 'Setup Node'
2025-01-21T01:55:30.6623569Z ##[debug]Set step '__actions_configure-pages' display name to: 'Setup Pages'
2025-01-21T01:55:30.6625448Z ##[debug]Set step '__run' display name to: 'Install dependencies'
2025-01-21T01:55:30.6627541Z ##[debug]Set step '__run_2' display name to: 'Build with Next.js'
2025-01-21T01:55:30.6629466Z ##[debug]Set step '__actions_upload-pages-artifact' display name to: 'Upload artifact'
2025-01-21T01:55:30.6630391Z Complete job name: build
2025-01-21T01:55:30.6660730Z ##[debug]Collect running processes for tracking orphan processes.
2025-01-21T01:55:30.6915857Z ##[debug]Finishing: Set up job
2025-01-21T01:55:30.7031006Z ##[debug]Evaluating condition for step: 'Checkout'
2025-01-21T01:55:30.7065166Z ##[debug]Evaluating: success()
2025-01-21T01:55:30.7070642Z ##[debug]Evaluating success:
2025-01-21T01:55:30.7086680Z ##[debug]=> true
2025-01-21T01:55:30.7093144Z ##[debug]Result: true
2025-01-21T01:55:30.7116046Z ##[debug]Starting: Checkout
2025-01-21T01:55:30.7184001Z ##[debug]Register post job cleanup for action: actions/checkout@v4
2025-01-21T01:55:30.7262072Z ##[debug]Loading inputs
2025-01-21T01:55:30.7270685Z ##[debug]Evaluating: github.repository
2025-01-21T01:55:30.7272187Z ##[debug]Evaluating Index:
2025-01-21T01:55:30.7274486Z ##[debug]..Evaluating github:
2025-01-21T01:55:30.7276279Z ##[debug]..=> Object
2025-01-21T01:55:30.7282473Z ##[debug]..Evaluating String:
2025-01-21T01:55:30.7283421Z ##[debug]..=> 'repository'
2025-01-21T01:55:30.7288602Z ##[debug]=> 'Evan-Alexander-Adamson/Scroggs-Fencing'
2025-01-21T01:55:30.7290482Z ##[debug]Result: 'Evan-Alexander-Adamson/Scroggs-Fencing'
2025-01-21T01:55:30.7293824Z ##[debug]Evaluating: github.token
2025-01-21T01:55:30.7294666Z ##[debug]Evaluating Index:
2025-01-21T01:55:30.7295224Z ##[debug]..Evaluating github:
2025-01-21T01:55:30.7295827Z ##[debug]..=> Object
2025-01-21T01:55:30.7296318Z ##[debug]..Evaluating String:
2025-01-21T01:55:30.7296987Z ##[debug]..=> 'token'
2025-01-21T01:55:30.7297833Z ##[debug]=> '***'
2025-01-21T01:55:30.7298454Z ##[debug]Result: '***'
2025-01-21T01:55:30.7314933Z ##[debug]Loading env
2025-01-21T01:55:30.7375872Z ##[group]Run actions/checkout@v4
2025-01-21T01:55:30.7377047Z with:
2025-01-21T01:55:30.7377597Z   repository: Evan-Alexander-Adamson/Scroggs-Fencing
2025-01-21T01:55:30.7378398Z   token: ***
2025-01-21T01:55:30.7378836Z   ssh-strict: true
2025-01-21T01:55:30.7379279Z   ssh-user: git
2025-01-21T01:55:30.7379732Z   persist-credentials: true
2025-01-21T01:55:30.7380235Z   clean: true
2025-01-21T01:55:30.7380683Z   sparse-checkout-cone-mode: true
2025-01-21T01:55:30.7381212Z   fetch-depth: 1
2025-01-21T01:55:30.7381659Z   fetch-tags: false
2025-01-21T01:55:30.7382108Z   show-progress: true
2025-01-21T01:55:30.7382546Z   lfs: false
2025-01-21T01:55:30.7382954Z   submodules: false
2025-01-21T01:55:30.7383409Z   set-safe-directory: true
2025-01-21T01:55:30.7384166Z ##[endgroup]
2025-01-21T01:55:30.9318959Z ##[debug]GITHUB_WORKSPACE = '/home/runner/work/Scroggs-Fencing/Scroggs-Fencing'
2025-01-21T01:55:30.9321619Z ##[debug]qualified repository = 'Evan-Alexander-Adamson/Scroggs-Fencing'
2025-01-21T01:55:30.9323214Z ##[debug]ref = 'refs/heads/main'
2025-01-21T01:55:30.9324136Z ##[debug]commit = '940c3384251b99b7143555ab826bc86b2857a937'
2025-01-21T01:55:30.9325485Z ##[debug]clean = true
2025-01-21T01:55:30.9326899Z ##[debug]filter = undefined
2025-01-21T01:55:30.9327714Z ##[debug]fetch depth = 1
2025-01-21T01:55:30.9328832Z ##[debug]fetch tags = false
2025-01-21T01:55:30.9329915Z ##[debug]show progress = true
2025-01-21T01:55:30.9331226Z ##[debug]lfs = false
2025-01-21T01:55:30.9332105Z ##[debug]submodules = false
2025-01-21T01:55:30.9332950Z ##[debug]recursive submodules = false
2025-01-21T01:55:30.9334167Z ##[debug]GitHub Host URL = 
2025-01-21T01:55:30.9336235Z ::add-matcher::/home/runner/work/_actions/actions/checkout/v4/dist/problem-matcher.json
2025-01-21T01:55:30.9419331Z ##[debug]Added matchers: 'checkout-git'. Problem matchers scan action output for known warning or error strings and report these inline.
2025-01-21T01:55:30.9424335Z Syncing repository: Evan-Alexander-Adamson/Scroggs-Fencing
2025-01-21T01:55:30.9425780Z ::group::Getting Git version info
2025-01-21T01:55:30.9427360Z ##[group]Getting Git version info
2025-01-21T01:55:30.9428210Z Working directory is '/home/runner/work/Scroggs-Fencing/Scroggs-Fencing'
2025-01-21T01:55:30.9429295Z ##[debug]Getting git version
2025-01-21T01:55:30.9429819Z [command]/usr/bin/git version
2025-01-21T01:55:30.9481050Z git version 2.47.1
2025-01-21T01:55:30.9505472Z ##[debug]0
2025-01-21T01:55:30.9506226Z ##[debug]git version 2.47.1
2025-01-21T01:55:30.9506989Z ##[debug]
2025-01-21T01:55:30.9508585Z ##[debug]Set git useragent to: git/2.47.1 (github-actions-checkout)
2025-01-21T01:55:30.9509717Z ::endgroup::
2025-01-21T01:55:30.9510285Z ##[endgroup]
2025-01-21T01:55:30.9513940Z ::add-mask::***
2025-01-21T01:55:30.9523176Z Temporarily overriding HOME='/home/runner/work/_temp/1f41d93e-9c1b-4c30-9bba-e6d841104cd9' before making global git config changes
2025-01-21T01:55:30.9524567Z Adding repository directory to the temporary git global config as a safe directory
2025-01-21T01:55:30.9536093Z [command]/usr/bin/git config --global --add safe.directory /home/runner/work/Scroggs-Fencing/Scroggs-Fencing
2025-01-21T01:55:30.9567020Z ##[debug]0
2025-01-21T01:55:30.9567796Z ##[debug]
2025-01-21T01:55:30.9572075Z Deleting the contents of '/home/runner/work/Scroggs-Fencing/Scroggs-Fencing'
2025-01-21T01:55:30.9575562Z ::group::Initializing the repository
2025-01-21T01:55:30.9576198Z ##[group]Initializing the repository
2025-01-21T01:55:30.9579954Z [command]/usr/bin/git init /home/runner/work/Scroggs-Fencing/Scroggs-Fencing
2025-01-21T01:55:30.9650812Z hint: Using 'master' as the name for the initial branch. This default branch name
2025-01-21T01:55:30.9651819Z hint: is subject to change. To configure the initial branch name to use in all
2025-01-21T01:55:30.9652733Z hint: of your new repositories, which will suppress this warning, call:
2025-01-21T01:55:30.9653427Z hint:
2025-01-21T01:55:30.9653943Z hint: 	git config --global init.defaultBranch <name>
2025-01-21T01:55:30.9654554Z hint:
2025-01-21T01:55:30.9655189Z hint: Names commonly chosen instead of 'master' are 'main', 'trunk' and
2025-01-21T01:55:30.9656102Z hint: 'development'. The just-created branch can be renamed via this command:
2025-01-21T01:55:30.9657359Z hint:
2025-01-21T01:55:30.9658021Z hint: 	git branch -m <name>
2025-01-21T01:55:30.9658871Z Initialized empty Git repository in /home/runner/work/Scroggs-Fencing/Scroggs-Fencing/.git/
2025-01-21T01:55:30.9663062Z ##[debug]0
2025-01-21T01:55:30.9664143Z ##[debug]Initialized empty Git repository in /home/runner/work/Scroggs-Fencing/Scroggs-Fencing/.git/
2025-01-21T01:55:30.9664993Z ##[debug]
2025-01-21T01:55:30.9669089Z [command]/usr/bin/git remote add origin https://github.com/Evan-Alexander-Adamson/Scroggs-Fencing
2025-01-21T01:55:30.9703743Z ##[debug]0
2025-01-21T01:55:30.9704505Z ##[debug]
2025-01-21T01:55:30.9705276Z ::endgroup::
2025-01-21T01:55:30.9705697Z ##[endgroup]
2025-01-21T01:55:30.9706701Z ::group::Disabling automatic garbage collection
2025-01-21T01:55:30.9707372Z ##[group]Disabling automatic garbage collection
2025-01-21T01:55:30.9708474Z [command]/usr/bin/git config --local gc.auto 0
2025-01-21T01:55:30.9736185Z ##[debug]0
2025-01-21T01:55:30.9737209Z ##[debug]
2025-01-21T01:55:30.9737892Z ::endgroup::
2025-01-21T01:55:30.9738308Z ##[endgroup]
2025-01-21T01:55:30.9739011Z ::group::Setting up auth
2025-01-21T01:55:30.9739585Z ##[group]Setting up auth
2025-01-21T01:55:30.9743935Z [command]/usr/bin/git config --local --name-only --get-regexp core\.sshCommand
2025-01-21T01:55:30.9767455Z ##[debug]1
2025-01-21T01:55:30.9768230Z ##[debug]
2025-01-21T01:55:30.9773221Z [command]/usr/bin/git submodule foreach --recursive sh -c "git config --local --name-only --get-regexp 'core\.sshCommand' && git config --local --unset-all 'core.sshCommand' || :"
2025-01-21T01:55:31.0117715Z ##[debug]0
2025-01-21T01:55:31.0118459Z ##[debug]
2025-01-21T01:55:31.0123108Z [command]/usr/bin/git config --local --name-only --get-regexp http\.https\:\/\/github\.com\/\.extraheader
2025-01-21T01:55:31.0149521Z ##[debug]1
2025-01-21T01:55:31.0150685Z ##[debug]
2025-01-21T01:55:31.0154574Z [command]/usr/bin/git submodule foreach --recursive sh -c "git config --local --name-only --get-regexp 'http\.https\:\/\/github\.com\/\.extraheader' && git config --local --unset-all 'http.https://github.com/.extraheader' || :"
2025-01-21T01:55:31.0406987Z ##[debug]0
2025-01-21T01:55:31.0408179Z ##[debug]
2025-01-21T01:55:31.0416981Z [command]/usr/bin/git config --local http.https://github.com/.extraheader AUTHORIZATION: basic ***
2025-01-21T01:55:31.0464992Z ##[debug]0
2025-01-21T01:55:31.0466287Z ##[debug]
2025-01-21T01:55:31.0473701Z ::endgroup::
2025-01-21T01:55:31.0474442Z ##[endgroup]
2025-01-21T01:55:31.0475765Z ::group::Fetching the repository
2025-01-21T01:55:31.0476930Z ##[group]Fetching the repository
2025-01-21T01:55:31.0484354Z [command]/usr/bin/git -c protocol.version=2 fetch --no-tags --prune --no-recurse-submodules --depth=1 origin +940c3384251b99b7143555ab826bc86b2857a937:refs/remotes/origin/main
2025-01-21T01:55:31.5567601Z From https://github.com/Evan-Alexander-Adamson/Scroggs-Fencing
2025-01-21T01:55:31.5570154Z  * [new ref]         940c3384251b99b7143555ab826bc86b2857a937 -> origin/main
2025-01-21T01:55:31.5589138Z ##[debug]0
2025-01-21T01:55:31.5590140Z ##[debug]
2025-01-21T01:55:31.5591042Z ::endgroup::
2025-01-21T01:55:31.5591723Z ##[endgroup]
2025-01-21T01:55:31.5593089Z ::group::Determining the checkout info
2025-01-21T01:55:31.5593850Z ##[group]Determining the checkout info
2025-01-21T01:55:31.5594942Z ::endgroup::
2025-01-21T01:55:31.5595448Z ##[endgroup]
2025-01-21T01:55:31.5597365Z [command]/usr/bin/git sparse-checkout disable
2025-01-21T01:55:31.5631257Z ##[debug]0
2025-01-21T01:55:31.5632187Z ##[debug]
2025-01-21T01:55:31.5635563Z [command]/usr/bin/git config --local --unset-all extensions.worktreeConfig
2025-01-21T01:55:31.5663210Z ##[debug]0
2025-01-21T01:55:31.5664889Z ##[debug]
2025-01-21T01:55:31.5666749Z ::group::Checking out the ref
2025-01-21T01:55:31.5668049Z ##[group]Checking out the ref
2025-01-21T01:55:31.5669310Z [command]/usr/bin/git checkout --progress --force -B main refs/remotes/origin/main
2025-01-21T01:55:31.5953510Z Switched to a new branch 'main'
2025-01-21T01:55:31.5955114Z branch 'main' set up to track 'origin/main'.
2025-01-21T01:55:31.5965861Z ##[debug]0
2025-01-21T01:55:31.5967510Z ##[debug]branch 'main' set up to track 'origin/main'.
2025-01-21T01:55:31.5968604Z ##[debug]
2025-01-21T01:55:31.5969875Z ::endgroup::
2025-01-21T01:55:31.5970793Z ##[endgroup]
2025-01-21T01:55:31.6003862Z ##[debug]0
2025-01-21T01:55:31.6005717Z ##[debug]commit 940c3384251b99b7143555ab826bc86b2857a937
2025-01-21T01:55:31.6007834Z ##[debug]Author: Evan Alexander Adamson <evan.alexander.adamson@gmail.com>
2025-01-21T01:55:31.6009477Z ##[debug]Date:   Mon Jan 20 19:51:52 2025 -0600
2025-01-21T01:55:31.6010690Z ##[debug]
2025-01-21T01:55:31.6011922Z ##[debug]    Update GitHub Actions workflow with full dist path and debug step
2025-01-21T01:55:31.6013447Z ##[debug]
2025-01-21T01:55:31.6014417Z [command]/usr/bin/git log -1 --format=%H
2025-01-21T01:55:31.6030754Z 940c3384251b99b7143555ab826bc86b2857a937
2025-01-21T01:55:31.6036018Z ##[debug]0
2025-01-21T01:55:31.6037626Z ##[debug]940c3384251b99b7143555ab826bc86b2857a937
2025-01-21T01:55:31.6038725Z ##[debug]
2025-01-21T01:55:31.6041975Z ##[debug]Unsetting HOME override
2025-01-21T01:55:31.6050359Z ::remove-matcher owner=checkout-git::
2025-01-21T01:55:31.6062214Z ##[debug]Removed matchers: 'checkout-git'
2025-01-21T01:55:31.6117233Z ##[debug]Node Action run completed with exit code 0
2025-01-21T01:55:31.6153766Z ##[debug]Save intra-action state isPost = true
2025-01-21T01:55:31.6155244Z ##[debug]Save intra-action state setSafeDirectory = true
2025-01-21T01:55:31.6157681Z ##[debug]Save intra-action state repositoryPath = /home/runner/work/Scroggs-Fencing/Scroggs-Fencing
2025-01-21T01:55:31.6163259Z ##[debug]Set output commit = 940c3384251b99b7143555ab826bc86b2857a937
2025-01-21T01:55:31.6165159Z ##[debug]Set output ref = refs/heads/main
2025-01-21T01:55:31.6171477Z ##[debug]Finishing: Checkout
2025-01-21T01:55:31.6197037Z ##[debug]Evaluating condition for step: 'Setup Node'
2025-01-21T01:55:31.6200587Z ##[debug]Evaluating: success()
2025-01-21T01:55:31.6201891Z ##[debug]Evaluating success:
2025-01-21T01:55:31.6203269Z ##[debug]=> true
2025-01-21T01:55:31.6204452Z ##[debug]Result: true
2025-01-21T01:55:31.6205967Z ##[debug]Starting: Setup Node
2025-01-21T01:55:31.6254287Z ##[debug]Register post job cleanup for action: actions/setup-node@v4
2025-01-21T01:55:31.6278462Z ##[debug]Loading inputs
2025-01-21T01:55:31.6304595Z ##[debug]Evaluating: (((github.server_url == 'https://github.com') && github.token) || '')
2025-01-21T01:55:31.6306601Z ##[debug]Evaluating Or:
2025-01-21T01:55:31.6309233Z ##[debug]..Evaluating And:
2025-01-21T01:55:31.6312000Z ##[debug]....Evaluating Equal:
2025-01-21T01:55:31.6313805Z ##[debug]......Evaluating Index:
2025-01-21T01:55:31.6314820Z ##[debug]........Evaluating github:
2025-01-21T01:55:31.6315844Z ##[debug]........=> Object
2025-01-21T01:55:31.6316963Z ##[debug]........Evaluating String:
2025-01-21T01:55:31.6317968Z ##[debug]........=> 'server_url'
2025-01-21T01:55:31.6319237Z ##[debug]......=> 'https://github.com'
2025-01-21T01:55:31.6320322Z ##[debug]......Evaluating String:
2025-01-21T01:55:31.6321347Z ##[debug]......=> 'https://github.com'
2025-01-21T01:55:31.6325153Z ##[debug]....=> true
2025-01-21T01:55:31.6326205Z ##[debug]....Evaluating Index:
2025-01-21T01:55:31.6327355Z ##[debug]......Evaluating github:
2025-01-21T01:55:31.6328337Z ##[debug]......=> Object
2025-01-21T01:55:31.6329192Z ##[debug]......Evaluating String:
2025-01-21T01:55:31.6330154Z ##[debug]......=> 'token'
2025-01-21T01:55:31.6331538Z ##[debug]....=> '***'
2025-01-21T01:55:31.6332634Z ##[debug]..=> '***'
2025-01-21T01:55:31.6333937Z ##[debug]=> '***'
2025-01-21T01:55:31.6340402Z ##[debug]Expanded: ((('https://github.com' == 'https://github.com') && '***') || '')
2025-01-21T01:55:31.6342330Z ##[debug]Result: '***'
2025-01-21T01:55:31.6345133Z ##[debug]Loading env
2025-01-21T01:55:31.6358222Z ##[group]Run actions/setup-node@v4
2025-01-21T01:55:31.6359165Z with:
2025-01-21T01:55:31.6359815Z   node-version: 20
2025-01-21T01:55:31.6360548Z   cache: npm
2025-01-21T01:55:31.6361687Z   cache-dependency-path: fence-featured-landing/package-lock.json
2025-01-21T01:55:31.6363143Z   always-auth: false
2025-01-21T01:55:31.6363926Z   check-latest: false
2025-01-21T01:55:31.6364964Z   token: ***
2025-01-21T01:55:31.6365628Z ##[endgroup]
2025-01-21T01:55:31.8019615Z ##[debug]isExplicit: 
2025-01-21T01:55:31.8021829Z ##[debug]explicit? false
2025-01-21T01:55:31.8026675Z ##[debug]isExplicit: 18.20.5
2025-01-21T01:55:31.8029037Z ##[debug]explicit? true
2025-01-21T01:55:31.8031255Z ##[debug]isExplicit: 20.18.1
2025-01-21T01:55:31.8033557Z ##[debug]explicit? true
2025-01-21T01:55:31.8035558Z ##[debug]isExplicit: 22.12.0
2025-01-21T01:55:31.8038177Z ##[debug]explicit? true
2025-01-21T01:55:31.8040361Z ##[debug]evaluating 3 versions
2025-01-21T01:55:31.8057569Z ##[debug]matched: 20.18.1
2025-01-21T01:55:31.8060359Z ##[debug]checking cache: /opt/hostedtoolcache/node/20.18.1/x64
2025-01-21T01:55:31.8063385Z ##[debug]Found tool in cache node 20.18.1 x64
2025-01-21T01:55:31.8065554Z Found in cache @ /opt/hostedtoolcache/node/20.18.1/x64
2025-01-21T01:55:31.8068573Z ::group::Environment details
2025-01-21T01:55:31.8070084Z ##[group]Environment details
2025-01-21T01:55:32.1789434Z node: v20.18.1
2025-01-21T01:55:32.1790391Z npm: 10.8.2
2025-01-21T01:55:32.1791047Z yarn: 1.22.22
2025-01-21T01:55:32.1792586Z ::endgroup::
2025-01-21T01:55:32.1793237Z ##[endgroup]
2025-01-21T01:55:32.1813800Z [command]/opt/hostedtoolcache/node/20.18.1/x64/bin/npm config get cache
2025-01-21T01:55:32.2988162Z /home/runner/.npm
2025-01-21T01:55:32.3054971Z ##[debug]npm's cache folder "/home/runner/.npm" configured for the root directory
2025-01-21T01:55:32.3059203Z ##[debug]followSymbolicLinks 'true'
2025-01-21T01:55:32.3086894Z ##[debug]followSymbolicLinks 'true'
2025-01-21T01:55:32.3089106Z ##[debug]implicitDescendants 'true'
2025-01-21T01:55:32.3091541Z ##[debug]matchDirectories 'true'
2025-01-21T01:55:32.3093519Z ##[debug]omitBrokenSymbolicLinks 'true'
2025-01-21T01:55:32.3096030Z ##[debug]Search path '/home/runner/work/Scroggs-Fencing/Scroggs-Fencing/fence-featured-landing/package-lock.json'
2025-01-21T01:55:32.3100702Z ##[debug]/home/runner/work/Scroggs-Fencing/Scroggs-Fencing/fence-featured-landing/package-lock.json
2025-01-21T01:55:32.3151392Z ##[debug]Found 1 files to hash.
2025-01-21T01:55:32.3155107Z ##[debug]primary key is node-cache-Linux-x64-npm-db6b2bdc5182c3faf5368f12b0a80c932a28c3f056fb84523746bd4b66ab28ef
2025-01-21T01:55:32.3159025Z ##[debug]Resolved Keys:
2025-01-21T01:55:32.3161543Z ##[debug]["node-cache-Linux-x64-npm-db6b2bdc5182c3faf5368f12b0a80c932a28c3f056fb84523746bd4b66ab28ef"]
2025-01-21T01:55:32.3164116Z ##[debug]Checking zstd --quiet --version
2025-01-21T01:55:32.3227788Z ##[debug]1.5.6
2025-01-21T01:55:32.3230030Z ##[debug]zstd version: 1.5.6
2025-01-21T01:55:32.3241059Z ##[debug]Resource Url: https://acghubeus1.actions.githubusercontent.com/uL0UJCrw2iTWD9T2FJafODYd5gWdeFLd2l7N5DlduW2EiTLM5n/_apis/artifactcache/cache?keys=node-cache-Linux-x64-npm-db6b2bdc5182c3faf5368f12b0a80c932a28c3f056fb84523746bd4b66ab28ef&version=04d00cc68e25ee34fd8b04095d0a46a28244d98af53e6925e47ed311d487b1d6
2025-01-21T01:55:32.4415619Z ##[debug]Resource Url: https://acghubeus1.actions.githubusercontent.com/uL0UJCrw2iTWD9T2FJafODYd5gWdeFLd2l7N5DlduW2EiTLM5n/_apis/artifactcache/caches?key=node-cache-Linux-x64-npm-db6b2bdc5182c3faf5368f12b0a80c932a28c3f056fb84523746bd4b66ab28ef
2025-01-21T01:55:32.5394295Z ##[debug]Failed to delete archive: Error: ENOENT: no such file or directory, unlink ''
2025-01-21T01:55:32.5396985Z npm cache is not found
2025-01-21T01:55:32.5404553Z ##[add-matcher]/home/runner/work/_actions/actions/setup-node/v4/.github/tsc.json
2025-01-21T01:55:32.5427119Z ##[debug]Added matchers: 'tsc'. Problem matchers scan action output for known warning or error strings and report these inline.
2025-01-21T01:55:32.5430235Z ##[add-matcher]/home/runner/work/_actions/actions/setup-node/v4/.github/eslint-stylish.json
2025-01-21T01:55:32.5439653Z ##[debug]Added matchers: 'eslint-stylish'. Problem matchers scan action output for known warning or error strings and report these inline.
2025-01-21T01:55:32.5442892Z ##[add-matcher]/home/runner/work/_actions/actions/setup-node/v4/.github/eslint-compact.json
2025-01-21T01:55:32.5447543Z ##[debug]Added matchers: 'eslint-compact'. Problem matchers scan action output for known warning or error strings and report these inline.
2025-01-21T01:55:32.5495085Z ##[debug]Node Action run completed with exit code 0
2025-01-21T01:55:32.5500747Z ##[debug]Save intra-action state SETUP_NODE_CACHE_PACKAGE_MANAGER = npm
2025-01-21T01:55:32.5502559Z ##[debug]Save intra-action state CACHE_PATHS = ["/home/runner/.npm"]
2025-01-21T01:55:32.5505073Z ##[debug]Save intra-action state CACHE_KEY = node-cache-Linux-x64-npm-db6b2bdc5182c3faf5368f12b0a80c932a28c3f056fb84523746bd4b66ab28ef
2025-01-21T01:55:32.5507958Z ##[debug]Set output node-version = v20.18.1
2025-01-21T01:55:32.5509022Z ##[debug]Set output cache-hit = false
2025-01-21T01:55:32.5510597Z ##[debug]Finishing: Setup Node
2025-01-21T01:55:32.5530592Z ##[debug]Evaluating condition for step: 'Setup Pages'
2025-01-21T01:55:32.5534245Z ##[debug]Evaluating: success()
2025-01-21T01:55:32.5535427Z ##[debug]Evaluating success:
2025-01-21T01:55:32.5537045Z ##[debug]=> true
2025-01-21T01:55:32.5538807Z ##[debug]Result: true
2025-01-21T01:55:32.5540681Z ##[debug]Starting: Setup Pages
2025-01-21T01:55:32.5592720Z ##[debug]Loading inputs
2025-01-21T01:55:32.5597109Z ##[debug]Evaluating: github.token
2025-01-21T01:55:32.5598037Z ##[debug]Evaluating Index:
2025-01-21T01:55:32.5598861Z ##[debug]..Evaluating github:
2025-01-21T01:55:32.5599711Z ##[debug]..=> Object
2025-01-21T01:55:32.5600467Z ##[debug]..Evaluating String:
2025-01-21T01:55:32.5601288Z ##[debug]..=> 'token'
2025-01-21T01:55:32.5602442Z ##[debug]=> '***'
2025-01-21T01:55:32.5603438Z ##[debug]Result: '***'
2025-01-21T01:55:32.5607824Z ##[debug]Loading env
2025-01-21T01:55:32.5619142Z ##[group]Run actions/configure-pages@v4
2025-01-21T01:55:32.5620052Z with:
2025-01-21T01:55:32.5620909Z   token: ***
2025-01-21T01:55:32.5621555Z   enablement: false
2025-01-21T01:55:32.5622230Z ##[endgroup]
2025-01-21T01:55:32.6279555Z ##[debug]all variables are set
2025-01-21T01:55:32.7771345Z ##[debug]Node Action run completed with exit code 0
2025-01-21T01:55:32.7782117Z ##[debug]GITHUB_PAGES='true'
2025-01-21T01:55:32.7785986Z ##[debug]Set output base_url = https://evan-alexander-adamson.github.io/Scroggs-Fencing
2025-01-21T01:55:32.7788595Z ##[debug]Set output origin = https://evan-alexander-adamson.github.io
2025-01-21T01:55:32.7790088Z ##[debug]Set output host = evan-alexander-adamson.github.io
2025-01-21T01:55:32.7791318Z ##[debug]Set output base_path = /Scroggs-Fencing
2025-01-21T01:55:32.7792789Z ##[debug]Finishing: Setup Pages
2025-01-21T01:55:32.7811467Z ##[debug]Evaluating condition for step: 'Install dependencies'
2025-01-21T01:55:32.7814302Z ##[debug]Evaluating: success()
2025-01-21T01:55:32.7815452Z ##[debug]Evaluating success:
2025-01-21T01:55:32.7816913Z ##[debug]=> true
2025-01-21T01:55:32.7817974Z ##[debug]Result: true
2025-01-21T01:55:32.7819291Z ##[debug]Starting: Install dependencies
2025-01-21T01:55:32.7835235Z ##[debug]Loading inputs
2025-01-21T01:55:32.7837268Z ##[debug]Loading env
2025-01-21T01:55:32.7863087Z ##[group]Run cd fence-featured-landing && npm ci
2025-01-21T01:55:32.7864278Z [36;1mcd fence-featured-landing && npm ci[0m
2025-01-21T01:55:32.7896810Z shell: /usr/bin/bash -e {0}
2025-01-21T01:55:32.7897614Z env:
2025-01-21T01:55:32.7898211Z   GITHUB_PAGES: true
2025-01-21T01:55:32.7898907Z ##[endgroup]
2025-01-21T01:55:32.7953261Z ##[debug]/usr/bin/bash -e /home/runner/work/_temp/da367344-2d55-4bdc-8595-b0090ba2e3cf.sh
2025-01-21T01:55:37.2417920Z 
2025-01-21T01:55:37.2427217Z added 257 packages, and audited 258 packages in 4s
2025-01-21T01:55:37.2427618Z 
2025-01-21T01:55:37.2427999Z 57 packages are looking for funding
2025-01-21T01:55:37.2428390Z   run `npm fund` for details
2025-01-21T01:55:37.2445545Z 
2025-01-21T01:55:37.2446056Z 1 moderate severity vulnerability
2025-01-21T01:55:37.2447153Z 
2025-01-21T01:55:37.2447574Z To address all issues, run:
2025-01-21T01:55:37.2447966Z   npm audit fix
2025-01-21T01:55:37.2448180Z 
2025-01-21T01:55:37.2448371Z Run `npm audit` for details.
2025-01-21T01:55:37.2644544Z ##[debug]Finishing: Install dependencies
2025-01-21T01:55:37.2654286Z ##[debug]Evaluating condition for step: 'Build with Next.js'
2025-01-21T01:55:37.2657582Z ##[debug]Evaluating: success()
2025-01-21T01:55:37.2696313Z ##[debug]Evaluating success:
2025-01-21T01:55:37.2697242Z ##[debug]=> true
2025-01-21T01:55:37.2697814Z ##[debug]Result: true
2025-01-21T01:55:37.2698780Z ##[debug]Starting: Build with Next.js
2025-01-21T01:55:37.2709217Z ##[debug]Loading inputs
2025-01-21T01:55:37.2710417Z ##[debug]Loading env
2025-01-21T01:55:37.2716575Z ##[group]Run cd fence-featured-landing && npm run build
2025-01-21T01:55:37.2717178Z [36;1mcd fence-featured-landing && npm run build[0m
2025-01-21T01:55:37.2752424Z shell: /usr/bin/bash -e {0}
2025-01-21T01:55:37.2752805Z env:
2025-01-21T01:55:37.2753072Z   GITHUB_PAGES: true
2025-01-21T01:55:37.2753390Z ##[endgroup]
2025-01-21T01:55:37.2790384Z ##[debug]/usr/bin/bash -e /home/runner/work/_temp/be61c2cb-15a4-46d1-92a5-d6777bfc4598.sh
2025-01-21T01:55:37.3880183Z 
2025-01-21T01:55:37.3880703Z > scroggs-fencing@0.0.0 build
2025-01-21T01:55:37.3881162Z > vite build
2025-01-21T01:55:37.3881351Z 
2025-01-21T01:55:37.5834938Z [36mvite v5.4.10 [32mbuilding for production...[36m[39m
2025-01-21T01:55:37.8697709Z transforming...
2025-01-21T01:55:41.3897371Z [32m✓[39m 2031 modules transformed.
2025-01-21T01:55:41.6169944Z rendering chunks...
2025-01-21T01:55:41.6229307Z computing gzip size...
2025-01-21T01:55:41.6340981Z [2mdist/[22m[32mindex.html                 [39m[1m[2m  0.78 kB[22m[1m[22m[2m │ gzip:   0.42 kB[22m
2025-01-21T01:55:41.6342467Z [2mdist/[22m[2massets/[22m[35mindex-CLe-1nWL.css  [39m[1m[2m 64.25 kB[22m[1m[22m[2m │ gzip:  11.16 kB[22m
2025-01-21T01:55:41.6344073Z [2mdist/[22m[2massets/[22m[36mindex-B5CN1l5e.js   [39m[1m[2m352.39 kB[22m[1m[22m[2m │ gzip: 114.28 kB[22m
2025-01-21T01:55:41.6345045Z [32m✓ built in 4.03s[39m
2025-01-21T01:55:41.6748751Z ##[debug]Finishing: Build with Next.js
2025-01-21T01:55:41.6755301Z ##[debug]Evaluating condition for step: 'Upload artifact'
2025-01-21T01:55:41.6757087Z ##[debug]Evaluating: success()
2025-01-21T01:55:41.6757461Z ##[debug]Evaluating success:
2025-01-21T01:55:41.6757820Z ##[debug]=> true
2025-01-21T01:55:41.6758125Z ##[debug]Result: true
2025-01-21T01:55:41.6759342Z ##[debug]Starting: Upload artifact
2025-01-21T01:55:41.6802916Z ##[debug]Loading inputs
2025-01-21T01:55:41.6804824Z ##[debug]Loading env
2025-01-21T01:55:41.6812555Z ##[group]Run actions/upload-pages-artifact@v3
2025-01-21T01:55:41.6812829Z with:
2025-01-21T01:55:41.6813021Z   path: fence-featured-landing/out
2025-01-21T01:55:41.6813263Z   name: github-pages
2025-01-21T01:55:41.6813453Z   retention-days: 1
2025-01-21T01:55:41.6813827Z env:
2025-01-21T01:55:41.6813983Z   GITHUB_PAGES: true
2025-01-21T01:55:41.6814156Z ##[endgroup]
2025-01-21T01:55:41.6862387Z ##[debug]Evaluating: inputs.path
2025-01-21T01:55:41.6862714Z ##[debug]Evaluating Index:
2025-01-21T01:55:41.6862985Z ##[debug]..Evaluating inputs:
2025-01-21T01:55:41.6863250Z ##[debug]..=> Object
2025-01-21T01:55:41.6863485Z ##[debug]..Evaluating String:
2025-01-21T01:55:41.6863729Z ##[debug]..=> 'path'
2025-01-21T01:55:41.6864086Z ##[debug]=> 'fence-featured-landing/out'
2025-01-21T01:55:41.6864376Z ##[debug]Result: 'fence-featured-landing/out'
2025-01-21T01:55:41.6864864Z ##[debug]Evaluating condition for step: 'run'
2025-01-21T01:55:41.6866923Z ##[debug]Evaluating: (success() && (runner.os == 'Linux'))
2025-01-21T01:55:41.6867356Z ##[debug]Evaluating And:
2025-01-21T01:55:41.6867661Z ##[debug]..Evaluating success:
2025-01-21T01:55:41.6868353Z ##[debug]..=> true
2025-01-21T01:55:41.6868655Z ##[debug]..Evaluating Equal:
2025-01-21T01:55:41.6868953Z ##[debug]....Evaluating Index:
2025-01-21T01:55:41.6869277Z ##[debug]......Evaluating runner:
2025-01-21T01:55:41.6869583Z ##[debug]......=> Object
2025-01-21T01:55:41.6869864Z ##[debug]......Evaluating String:
2025-01-21T01:55:41.6870142Z ##[debug]......=> 'os'
2025-01-21T01:55:41.6870504Z ##[debug]....=> 'Linux'
2025-01-21T01:55:41.6870784Z ##[debug]....Evaluating String:
2025-01-21T01:55:41.6871065Z ##[debug]....=> 'Linux'
2025-01-21T01:55:41.6871313Z ##[debug]..=> true
2025-01-21T01:55:41.6871550Z ##[debug]=> true
2025-01-21T01:55:41.6871961Z ##[debug]Expanded: (true && ('Linux' == 'Linux'))
2025-01-21T01:55:41.6872317Z ##[debug]Result: true
2025-01-21T01:55:41.6879597Z ##[debug]Starting: run
2025-01-21T01:55:41.6885984Z ##[debug]Loading inputs
2025-01-21T01:55:41.6886993Z ##[debug]Loading env
2025-01-21T01:55:41.6890297Z ##[group]Run echo ::group::Archive artifact
2025-01-21T01:55:41.6890579Z [36;1mecho ::group::Archive artifact[0m
2025-01-21T01:55:41.6890804Z [36;1mtar \[0m
2025-01-21T01:55:41.6891008Z [36;1m  --dereference --hard-dereference \[0m
2025-01-21T01:55:41.6891278Z [36;1m  --directory "$INPUT_PATH" \[0m
2025-01-21T01:55:41.6891522Z [36;1m  -cvf "$RUNNER_TEMP/artifact.tar" \[0m
2025-01-21T01:55:41.6891765Z [36;1m  --exclude=.git \[0m
2025-01-21T01:55:41.6891977Z [36;1m  --exclude=.github \[0m
2025-01-21T01:55:41.6892172Z [36;1m  .[0m
2025-01-21T01:55:41.6892340Z [36;1mecho ::endgroup::[0m
2025-01-21T01:55:41.6929911Z shell: /usr/bin/sh -e {0}
2025-01-21T01:55:41.6930123Z env:
2025-01-21T01:55:41.6930287Z   GITHUB_PAGES: true
2025-01-21T01:55:41.6930502Z   INPUT_PATH: fence-featured-landing/out
2025-01-21T01:55:41.6930752Z ##[endgroup]
2025-01-21T01:55:41.6965513Z ##[debug]/usr/bin/sh -e /home/runner/work/_temp/546924e9-d00e-4bdf-a4ce-00d1a48cada8.sh
2025-01-21T01:55:41.6981009Z ::group::Archive artifact
2025-01-21T01:55:41.6981458Z ##[group]Archive artifact
2025-01-21T01:55:41.6993576Z tar: fence-featured-landing/out: Cannot open: No such file or directory
2025-01-21T01:55:41.6994295Z tar: Error is not recoverable: exiting now
2025-01-21T01:55:41.7003861Z ##[error]Process completed with exit code 2.
2025-01-21T01:55:41.7010562Z ##[debug]Finished: run
2025-01-21T01:55:41.7017073Z ##[debug]Evaluating: inputs.path
2025-01-21T01:55:41.7017612Z ##[debug]Evaluating Index:
2025-01-21T01:55:41.7017868Z ##[debug]..Evaluating inputs:
2025-01-21T01:55:41.7018146Z ##[debug]..=> Object
2025-01-21T01:55:41.7018373Z ##[debug]..Evaluating String:
2025-01-21T01:55:41.7018623Z ##[debug]..=> 'path'
2025-01-21T01:55:41.7018903Z ##[debug]=> 'fence-featured-landing/out'
2025-01-21T01:55:41.7019208Z ##[debug]Result: 'fence-featured-landing/out'
2025-01-21T01:55:41.7019640Z ##[debug]Evaluating condition for step: 'run'
2025-01-21T01:55:41.7020914Z ##[debug]Evaluating: (success() && (runner.os == 'macOS'))
2025-01-21T01:55:41.7021304Z ##[debug]Evaluating And:
2025-01-21T01:55:41.7021597Z ##[debug]..Evaluating success:
2025-01-21T01:55:41.7021984Z ##[debug]..=> false
2025-01-21T01:55:41.7022237Z ##[debug]=> false
2025-01-21T01:55:41.7023434Z ##[debug]Expanded: (false && (runner['os'] == 'macOS'))
2025-01-21T01:55:41.7023820Z ##[debug]Result: false
2025-01-21T01:55:41.7025860Z ##[debug]Evaluating: inputs.path
2025-01-21T01:55:41.7026120Z ##[debug]Evaluating Index:
2025-01-21T01:55:41.7026575Z ##[debug]..Evaluating inputs:
2025-01-21T01:55:41.7026854Z ##[debug]..=> Object
2025-01-21T01:55:41.7027064Z ##[debug]..Evaluating String:
2025-01-21T01:55:41.7027286Z ##[debug]..=> 'path'
2025-01-21T01:55:41.7027527Z ##[debug]=> 'fence-featured-landing/out'
2025-01-21T01:55:41.7027816Z ##[debug]Result: 'fence-featured-landing/out'
2025-01-21T01:55:41.7028239Z ##[debug]Evaluating condition for step: 'run'
2025-01-21T01:55:41.7029310Z ##[debug]Evaluating: (success() && (runner.os == 'Windows'))
2025-01-21T01:55:41.7029688Z ##[debug]Evaluating And:
2025-01-21T01:55:41.7029982Z ##[debug]..Evaluating success:
2025-01-21T01:55:41.7030295Z ##[debug]..=> false
2025-01-21T01:55:41.7030546Z ##[debug]=> false
2025-01-21T01:55:41.7030975Z ##[debug]Expanded: (false && (runner['os'] == 'Windows'))
2025-01-21T01:55:41.7031362Z ##[debug]Result: false
2025-01-21T01:55:41.7032237Z ##[debug]Evaluating condition for step: 'run'
2025-01-21T01:55:41.7032994Z ##[debug]Evaluating: success()
2025-01-21T01:55:41.7033309Z ##[debug]Evaluating success:
2025-01-21T01:55:41.7033625Z ##[debug]=> false
2025-01-21T01:55:41.7033916Z ##[debug]Result: false
2025-01-21T01:55:41.7052546Z ##[debug]Evaluating: steps.upload-artifact.outputs.artifact-id
2025-01-21T01:55:41.7052923Z ##[debug]Evaluating Index:
2025-01-21T01:55:41.7053150Z ##[debug]..Evaluating Index:
2025-01-21T01:55:41.7053372Z ##[debug]....Evaluating Index:
2025-01-21T01:55:41.7053588Z ##[debug]......Evaluating steps:
2025-01-21T01:55:41.7053837Z ##[debug]......=> Object
2025-01-21T01:55:41.7054063Z ##[debug]......Evaluating String:
2025-01-21T01:55:41.7054317Z ##[debug]......=> 'upload-artifact'
2025-01-21T01:55:41.7054598Z ##[debug]....=> Object
2025-01-21T01:55:41.7054806Z ##[debug]....Evaluating String:
2025-01-21T01:55:41.7055040Z ##[debug]....=> 'outputs'
2025-01-21T01:55:41.7055251Z ##[debug]..=> Object
2025-01-21T01:55:41.7055445Z ##[debug]..Evaluating String:
2025-01-21T01:55:41.7055656Z ##[debug]..=> 'artifact-id'
2025-01-21T01:55:41.7055867Z ##[debug]=> null
2025-01-21T01:55:41.7056067Z ##[debug]Result: null
2025-01-21T01:55:41.7064413Z ##[debug]Finishing: Upload artifact
2025-01-21T01:55:41.7071489Z ##[debug]Evaluating condition for step: 'Post Setup Node'
2025-01-21T01:55:41.7072527Z ##[debug]Evaluating: success()
2025-01-21T01:55:41.7072884Z ##[debug]Evaluating success:
2025-01-21T01:55:41.7073203Z ##[debug]=> false
2025-01-21T01:55:41.7073513Z ##[debug]Result: false
2025-01-21T01:55:41.7078239Z ##[debug]Evaluating condition for step: 'Post Checkout'
2025-01-21T01:55:41.7079935Z ##[debug]Evaluating: always()
2025-01-21T01:55:41.7080259Z ##[debug]Evaluating always:
2025-01-21T01:55:41.7080962Z ##[debug]=> true
2025-01-21T01:55:41.7081301Z ##[debug]Result: true
2025-01-21T01:55:41.7081736Z ##[debug]Starting: Post Checkout
2025-01-21T01:55:41.7106560Z ##[debug]Loading inputs
2025-01-21T01:55:41.7107448Z ##[debug]Evaluating: github.repository
2025-01-21T01:55:41.7107722Z ##[debug]Evaluating Index:
2025-01-21T01:55:41.7107942Z ##[debug]..Evaluating github:
2025-01-21T01:55:41.7108185Z ##[debug]..=> Object
2025-01-21T01:55:41.7108423Z ##[debug]..Evaluating String:
2025-01-21T01:55:41.7108640Z ##[debug]..=> 'repository'
2025-01-21T01:55:41.7108947Z ##[debug]=> 'Evan-Alexander-Adamson/Scroggs-Fencing'
2025-01-21T01:55:41.7109299Z ##[debug]Result: 'Evan-Alexander-Adamson/Scroggs-Fencing'
2025-01-21T01:55:41.7110824Z ##[debug]Evaluating: github.token
2025-01-21T01:55:41.7111103Z ##[debug]Evaluating Index:
2025-01-21T01:55:41.7111319Z ##[debug]..Evaluating github:
2025-01-21T01:55:41.7111549Z ##[debug]..=> Object
2025-01-21T01:55:41.7111752Z ##[debug]..Evaluating String:
2025-01-21T01:55:41.7111964Z ##[debug]..=> 'token'
2025-01-21T01:55:41.7112530Z ##[debug]=> '***'
2025-01-21T01:55:41.7112882Z ##[debug]Result: '***'
2025-01-21T01:55:41.7121136Z ##[debug]Loading env
2025-01-21T01:55:41.7124711Z Post job cleanup.
2025-01-21T01:55:41.8058491Z ##[debug]Getting git version
2025-01-21T01:55:41.8073153Z [command]/usr/bin/git version
2025-01-21T01:55:41.8110668Z git version 2.47.1
2025-01-21T01:55:41.8133116Z ##[debug]0
2025-01-21T01:55:41.8135520Z ##[debug]git version 2.47.1
2025-01-21T01:55:41.8135747Z ##[debug]
2025-01-21T01:55:41.8136206Z ##[debug]Set git useragent to: git/2.47.1 (github-actions-checkout)
2025-01-21T01:55:41.8139556Z ::add-mask::***
2025-01-21T01:55:41.8155429Z Temporarily overriding HOME='/home/runner/work/_temp/63b1cab1-5e6e-4616-a2ed-0511c06dfa01' before making global git config changes
2025-01-21T01:55:41.8157203Z Adding repository directory to the temporary git global config as a safe directory
2025-01-21T01:55:41.8169665Z [command]/usr/bin/git config --global --add safe.directory /home/runner/work/Scroggs-Fencing/Scroggs-Fencing
2025-01-21T01:55:41.8197223Z ##[debug]0
2025-01-21T01:55:41.8197738Z ##[debug]
2025-01-21T01:55:41.8204788Z [command]/usr/bin/git config --local --name-only --get-regexp core\.sshCommand
2025-01-21T01:55:41.8230854Z ##[debug]1
2025-01-21T01:55:41.8231344Z ##[debug]
2025-01-21T01:55:41.8237520Z [command]/usr/bin/git submodule foreach --recursive sh -c "git config --local --name-only --get-regexp 'core\.sshCommand' && git config --local --unset-all 'core.sshCommand' || :"
2025-01-21T01:55:41.8465064Z ##[debug]0
2025-01-21T01:55:41.8465821Z ##[debug]
2025-01-21T01:55:41.8472243Z [command]/usr/bin/git config --local --name-only --get-regexp http\.https\:\/\/github\.com\/\.extraheader
2025-01-21T01:55:41.8493739Z http.https://github.com/.extraheader
2025-01-21T01:55:41.8500212Z ##[debug]0
2025-01-21T01:55:41.8500838Z ##[debug]http.https://github.com/.extraheader
2025-01-21T01:55:41.8501199Z ##[debug]
2025-01-21T01:55:41.8506283Z [command]/usr/bin/git config --local --unset-all http.https://github.com/.extraheader
2025-01-21T01:55:41.8531660Z ##[debug]0
2025-01-21T01:55:41.8531994Z ##[debug]
2025-01-21T01:55:41.8537275Z [command]/usr/bin/git submodule foreach --recursive sh -c "git config --local --name-only --get-regexp 'http\.https\:\/\/github\.com\/\.extraheader' && git config --local --unset-all 'http.https://github.com/.extraheader' || :"
2025-01-21T01:55:41.8761050Z ##[debug]0
2025-01-21T01:55:41.8761383Z ##[debug]
2025-01-21T01:55:41.8762107Z ##[debug]Unsetting HOME override
2025-01-21T01:55:41.8828828Z ##[debug]Node Action run completed with exit code 0
2025-01-21T01:55:41.8831204Z ##[debug]Finishing: Post Checkout
2025-01-21T01:55:41.8869478Z ##[debug]Starting: Complete job
2025-01-21T01:55:41.8871554Z Uploading runner diagnostic logs
2025-01-21T01:55:41.8882628Z ##[debug]Starting diagnostic file upload.
2025-01-21T01:55:41.8882940Z ##[debug]Setting up diagnostic log folders.
2025-01-21T01:55:41.8884481Z ##[debug]Creating diagnostic log files folder.
2025-01-21T01:55:41.8892407Z ##[debug]Copying 1 worker diagnostic logs.
2025-01-21T01:55:41.8900769Z ##[debug]Copying 1 runner diagnostic logs.
2025-01-21T01:55:41.8902113Z ##[debug]Zipping diagnostic files.
2025-01-21T01:55:41.8981376Z ##[debug]Uploading diagnostic metadata file.
2025-01-21T01:55:41.9008987Z ##[debug]Diagnostic file upload complete.
2025-01-21T01:55:41.9009486Z Completed runner diagnostic log upload
2025-01-21T01:55:41.9009760Z Cleaning up orphan processes
2025-01-21T01:55:41.9291183Z ##[debug]Finishing: Complete job
2025-01-21T01:55:41.9319389Z ##[debug]Finishing: build
